../Drivers/CMSIS/Include/core_cm4.h:1933:34:__NVIC_SystemReset	4	static,ignoring_inline_asm
../Core/Src/main.c:96:5:main	8	static
../Core/Src/main.c:149:6:SystemClock_Config	88	static
../Core/Src/main.c:196:13:MX_LPUART1_UART_Init	8	static
../Core/Src/main.c:243:13:MX_GPIO_Init	48	static
../Core/Src/main.c:317:6:HAL_GPIO_EXTI_Callback	16	static
../Core/Src/main.c:326:6:ButtonMatrixRead	16	static
../Core/Src/main.c:351:6:CheckID	16	static
../Core/Src/main.c:413:6:Error_Handler	4	static,ignoring_inline_asm
